.next/types/validator.ts(42,39): error TS2307: Cannot find module '../../app/page.js' or its corresponding type declarations.
lib/Actions/book.actions.ts(9,22): error TS2554: Expected 1 arguments, but got 0.
lib/utils.ts(96,35): error TS2307: Cannot find module 'pdfjs-dist' or its corresponding type declarations.
lib/utils.ts(140,20): error TS7006: Parameter 'item' implicitly has an 'any' type.
lib/utils.ts(141,17): error TS7006: Parameter 'item' implicitly has an 'any' type.
